// Jest Snapshot v1, https://goo.gl/fbAQLP

exports[`asda 1`] = `
<DocumentFragment>
  <div>
    <p>
      You clicked 0 times
    </p>
    <button
      id="btnTemp"
    >
      Click me
    </button>
  </div>
</DocumentFragment>
`;
