// Jest Snapshot v1, https://goo.gl/fbAQLP

exports[`renders correctly 1`] = `
<div
  id="hell"
>
  <div>
    Welcome 
    Ravinder
  </div>
  <img
    src="../../images/bitmap.png"
  />
</div>
`;
